[www.scrapbuyerss.com/index.html]
[backblue.gif]
[fade.gif]
[index.html]
[www.scrapbuyerss.com/favicon.ico]
[www.scrapbuyerss.com/assets/images/logo.png]
[www.scrapbuyerss.com/index-2.html]
[www.scrapbuyerss.com/We-Manufacture.html]
[www.scrapbuyerss.com/About-Us.html]
[www.scrapbuyerss.com/Centering-Plates-Manufacturer.html]
[www.scrapbuyerss.com/Centering-Span-Manufacturer.html]
[www.scrapbuyerss.com/Centering-Jack-Pipe-Manufacturer.html]
[www.scrapbuyerss.com/Scaffolding-Manufacturer.html]
[www.scrapbuyerss.com/We-Buy.html]
[www.scrapbuyerss.com/Aluminium-Scrap-Buyer.html]
[www.scrapbuyerss.com/Battery-Scrap-Buyer.html]
[www.scrapbuyerss.com/Brass-Scrap-Buyer.html]
[www.scrapbuyerss.com/Computer-Scrap-Buyer.html]
[www.scrapbuyerss.com/Copper-Scrap-Buyer.html]
[www.scrapbuyerss.com/Demolishing-Work-Buyer.html]
[www.scrapbuyerss.com/DG-Set-Buyer.html]
[www.scrapbuyerss.com/UPVC-Window-Scrap-Buyer.html]
[www.scrapbuyerss.com/Electrical-Scrap-Buyer.html]
[www.scrapbuyerss.com/Ferrous-And-Nonferrous-Buyer.html]
[www.scrapbuyerss.com/GI-Scrap-Buyer.html]
[www.scrapbuyerss.com/Iron-Pipes-Scrap-Buyer.html]
[www.scrapbuyerss.com/Steel-Pipes-Scrap-Buyer.html]
[www.scrapbuyerss.com/Iron-Scrap-Buyer.html]
[www.scrapbuyerss.com/Lead-Scrap-Buyer.html]
[www.scrapbuyerss.com/CPVC-Pipes-buyer.html]
[www.scrapbuyerss.com/Motor-Parts-Scrap-Buyer.html]
[www.scrapbuyerss.com/Nickel-Scrap-Buyer.html]
[www.scrapbuyerss.com/Office-Furnitures-Buyer.html]
[www.scrapbuyerss.com/Old-Air-Condition-Buyer.html]
[www.scrapbuyerss.com/Old-Machinery-Buyer.html]
[www.scrapbuyerss.com/Old-Vehicles-Buyer.html]
[www.scrapbuyerss.com/Pet-Bottle-Buyer.html]
[www.scrapbuyerss.com/Pvc-Scrap-Buyer.html]
[www.scrapbuyerss.com/Plastic-Scrap-Buyer.html]
[www.scrapbuyerss.com/PVB-Rubber-Buyer.html]
[www.scrapbuyerss.com/Stainless-Steel-Buyer.html]
[www.scrapbuyerss.com/TMT-Steel-Scrap-Buyer.html]
[www.scrapbuyerss.com/Wooden-Scrap-Buyer.html]
[www.scrapbuyerss.com/Tower-Angel-Scrap-Buyer.html]
[www.scrapbuyerss.com/Old-Furniture-Buyer.html]
[www.scrapbuyerss.com/We-Sell.html]
[www.scrapbuyerss.com/Aluminium-Scrap-Seller.html]
[www.scrapbuyerss.com/Battery-Scrap-Seller.html]
[www.scrapbuyerss.com/Brass-Scrap-Seller.html]
[www.scrapbuyerss.com/Computer-Scrap-Seller.html]
[www.scrapbuyerss.com/Copper-Scrap-Seller.html]
[www.scrapbuyerss.com/Demolishing-Work-Seller.html]
[www.scrapbuyerss.com/DG-Set-Seller.html]
[www.scrapbuyerss.com/UPVC-Window-Scrap-Seller.html]
[www.scrapbuyerss.com/Electrical-Scrap-Seller.html]
[www.scrapbuyerss.com/Ferrous-And-Nonferrous-Seller.html]
[www.scrapbuyerss.com/GI-Scrap-Seller.html]
[www.scrapbuyerss.com/Iron-Pipes-Scrap-Seller.html]
[www.scrapbuyerss.com/Steel-Pipes-Scrap-Seller.html]
[www.scrapbuyerss.com/Iron-Scrap-Seller.html]
[www.scrapbuyerss.com/Lead-Scrap-Seller.html]
[www.scrapbuyerss.com/CPVC-Pipes-Scrap-Seller.html]
[www.scrapbuyerss.com/Motor-Parts-Scrap-Seller.html]
[www.scrapbuyerss.com/Nickel-Scrap-Seller.html]
[www.scrapbuyerss.com/Office-Furnitures-Seller.html]
[www.scrapbuyerss.com/Old-Air-Condition-Seller.html]
[www.scrapbuyerss.com/Old-Machinery-Seller.html]
[www.scrapbuyerss.com/Old-Vehicles-Seller.html]
[www.scrapbuyerss.com/Pet-Bottle-Seller.html]
[www.scrapbuyerss.com/Pvc-Scrap-Seller.html]
[www.scrapbuyerss.com/Plastic-Scrap-Seller.html]
[www.scrapbuyerss.com/PVB-Rubber-Seller.html]
[www.scrapbuyerss.com/Stainless-Steel-Seller.html]
[www.scrapbuyerss.com/TMT-Steel-Scrap-Seller.html]
[www.scrapbuyerss.com/Wooden-Scrap-Seller.html]
[www.scrapbuyerss.com/Tower-Angel-Scrap-Seller.html]
[www.scrapbuyerss.com/Old-Furniture-Seller.html]
[www.scrapbuyerss.com/How-It-Works.html]
[www.scrapbuyerss.com/Send-Enquiry.html]
[www.scrapbuyerss.com/Catalogue.html]
[www.scrapbuyerss.com/Contact-Us.html]
[www.scrapbuyerss.com/images/scrap-buyers.jpg]
[www.scrapbuyerss.com/images/scrap-buyer.png]
[www.scrapbuyerss.com/images/scrap-buyers-in-hyderabad.jpg]
[www.scrapbuyerss.com/images/scrap-buyers-in-india.jpg]
[www.scrapbuyerss.com/images/scrap-buyers-hyderabad.jpg]
[www.scrapbuyerss.com/images/scrap-buyers-in-telangana.jpg]
[www.scrapbuyerss.com/images/Centering-Plates-Manufacturer.jpg]
[www.scrapbuyerss.com/images/Centering-Span-Manufacturer.jpg]
[www.scrapbuyerss.com/Centring-Span-Manufacturer.61.delayed]
[www.scrapbuyerss.com/images/Centering-Jack-Pipe-Manufacturer.jpg]
[www.scrapbuyerss.com/images/Aluminium-Scrap.jpg]
[www.scrapbuyerss.com/Aluminium-Scrap.html]
[www.scrapbuyerss.com/images/Battery-Scrap.jpg]
[www.scrapbuyerss.com/Battery-Scrap.html]
[www.scrapbuyerss.com/images/Brass-Scrap.jpg]
[www.scrapbuyerss.com/Brass-Scrap.html]
[www.scrapbuyerss.com/images/Computer-Scrap.jpg]
[www.scrapbuyerss.com/Computer-Scrap.html]
[www.scrapbuyerss.com/images/Copper-Scrap.jpg]
[www.scrapbuyerss.com/Copper-Scrap.html]
[www.scrapbuyerss.com/images/Demolishing-Work.jpg]
[www.scrapbuyerss.com/Demolishing-Work.html]
[www.scrapbuyerss.com/images/DG-Set.jpg]
[www.scrapbuyerss.com/DG-Set.html]
[www.scrapbuyerss.com/images/Electrical-Scrap.jpg]
[www.scrapbuyerss.com/Electrical-Scrap.html]
[www.scrapbuyerss.com/images/Ferrous-And-Nonferrous.jpg]
[www.scrapbuyerss.com/Ferrous-And-Nonferrous.html]
[www.scrapbuyerss.com/images/GI-Scrap.jpg]
[www.scrapbuyerss.com/GI-Scrap.html]
[www.scrapbuyerss.com/images/Iron-Pipes-Scrap.jpg]
[www.scrapbuyerss.com/Iron-Pipes-Scrap.html]
[www.scrapbuyerss.com/images/Steel-Pipes-Scrap.jpg]
[www.scrapbuyerss.com/Steel-Pipes-Scrap.html]
[www.scrapbuyerss.com/images/Iron-Scrap.jpg]
[www.scrapbuyerss.com/Iron-Scrap.html]
[www.scrapbuyerss.com/images/Lead-Scrap.jpg]
[www.scrapbuyerss.com/Lead-Scrap.html]
[www.scrapbuyerss.com/images/Motor-Parts-Scrap.jpg]
[www.scrapbuyerss.com/Motor-Parts-Scrap.html]
[www.scrapbuyerss.com/images/Nickel-Scrap.jpg]
[www.scrapbuyerss.com/Nickel-Scrap.html]
[www.scrapbuyerss.com/images/Office-Furnitures.jpg]
[www.scrapbuyerss.com/Office-Furnitures.html]
[www.scrapbuyerss.com/images/Old-Air-Condition.jpg]
[www.scrapbuyerss.com/Old-Air-Condition.html]
[www.scrapbuyerss.com/images/Old-Machinery.jpg]
[www.scrapbuyerss.com/Old-Machinery.html]
[www.scrapbuyerss.com/images/Old-Vehicles.jpg]
[www.scrapbuyerss.com/Old-Vehicles.html]
[www.scrapbuyerss.com/images/Pet-Bottle.jpg]
[www.scrapbuyerss.com/Pet-Bottle.html]
[www.scrapbuyerss.com/images/Plastic-Scrap.jpg]
[www.scrapbuyerss.com/Plastic-Scrap.html]
[www.scrapbuyerss.com/images/PVB-Rubber.jpg]
[www.scrapbuyerss.com/PVB-Rubber.html]
[www.scrapbuyerss.com/images/Solar-Scrap.jpg]
[www.scrapbuyerss.com/Solar-Scrap.html]
[www.scrapbuyerss.com/images/Stainless-Steel.jpg]
[www.scrapbuyerss.com/Stainless-Steel.html]
[www.scrapbuyerss.com/images/TMT-Steel-Scrap.jpg]
[www.scrapbuyerss.com/TMT-Steel-Scrap.html]
[www.scrapbuyerss.com/images/Wooden-Scrap.jpg]
[www.scrapbuyerss.com/Wooden-Scrap.html]
[www.scrapbuyerss.com/images/Cartoon-Box-Scrap.jpg]
[www.scrapbuyerss.com/Cartoon-Box-Scrap.html]
[www.scrapbuyerss.com/images/Tower-Angel-Scrap.jpg]
[www.scrapbuyerss.com/Tower-Angel-Scrap.html]
[www.scrapbuyerss.com/images/Old-UPVC-Window-Buyer.jpg]
[www.scrapbuyerss.com/images/Old-CPVC-Pipes-Buyer.jpg]
[www.scrapbuyerss.com/images/Old-PVC-Pipes.jpg]
[www.scrapbuyerss.com/images/Why-us.jpg]
[www.scrapbuyerss.com/images/SREnterprisesQRrcode.png]
[www.scrapbuyerss.com/assets/images/footer-logo.png]
[www.scrapbuyerss.com/assets/plugins/jquery/jquery-2.2.3.min.js]
[www.scrapbuyerss.com/assets/bootstrap/js/bootstrap.min.js]
[www.scrapbuyerss.com/assets/plugins/viewport/jquery.viewport.js]
[www.scrapbuyerss.com/assets/plugins/menu/hoverIntent.js]
[www.scrapbuyerss.com/assets/plugins/menu/superfish.js]
[www.scrapbuyerss.com/assets/plugins/fancybox/jquery.fancybox.pack.js]
[www.scrapbuyerss.com/assets/plugins/revolutionslider/js/jquery.themepunch.tools.min.js]
[www.scrapbuyerss.com/assets/plugins/revolutionslider/js/jquery.themepunch.revolution.min.js]
[www.scrapbuyerss.com/index.html]
[www.scrapbuyerss.com/assets/bootstrap/css/bootstrap.min.css]
[www.scrapbuyerss.com/assets/fonts/fontawesome/css/font-awesome.min.css]
[www.scrapbuyerss.com/assets/fonts/materia-icons/css/materia-icons.min.css]
[www.scrapbuyerss.com/assets/plugins/fancybox/jquery.fancybox.css]
[www.scrapbuyerss.com/assets/plugins/revolutionslider/css/settings.css]
[www.scrapbuyerss.com/assets/plugins/revolutionslider/css/layers.css]
[www.scrapbuyerss.com/assets/plugins/revolutionslider/css/navigation.css]
[www.scrapbuyerss.com/assets/plugins/owl-carousel/owl.carousel.css]
[www.scrapbuyerss.com/assets/plugins/ytplayer/css/jquery.mb.ytplayer.min.css]
[www.scrapbuyerss.com/assets/plugins/animations/animate.min.css]
[www.scrapbuyerss.com/assets/css/custom.css]
[www.scrapbuyerss.com/assets/css/pages-style.css]
[www.scrapbuyerss.com/index-2.html]
[www.scrapbuyerss.com/About-Us.html]
[www.scrapbuyerss.com/We-Manufacture.html]
[www.scrapbuyerss.com/Centering-Plates-Manufacturer.html]
[www.scrapbuyerss.com/Centering-Span-Manufacturer.html]
[www.scrapbuyerss.com/Centering-Jack-Pipe-Manufacturer.html]
[www.scrapbuyerss.com/Scaffolding-Manufacturer.html]
[www.scrapbuyerss.com/We-Buy.html]
[www.scrapbuyerss.com/Aluminium-Scrap-Buyer.html]
[www.scrapbuyerss.com/Battery-Scrap-Buyer.html]
[www.scrapbuyerss.com/Brass-Scrap-Buyer.html]
[www.scrapbuyerss.com/Computer-Scrap-Buyer.html]
[www.scrapbuyerss.com/Copper-Scrap-Buyer.html]
[www.scrapbuyerss.com/Demolishing-Work-Buyer.html]
[www.scrapbuyerss.com/DG-Set-Buyer.html]
[www.scrapbuyerss.com/UPVC-Window-Scrap-Buyer.html]
[www.scrapbuyerss.com/Electrical-Scrap-Buyer.html]
[www.scrapbuyerss.com/Ferrous-And-Nonferrous-Buyer.html]
[www.scrapbuyerss.com/GI-Scrap-Buyer.html]
[www.scrapbuyerss.com/Iron-Pipes-Scrap-Buyer.html]
[www.scrapbuyerss.com/Steel-Pipes-Scrap-Buyer.html]
[www.scrapbuyerss.com/Iron-Scrap-Buyer.html]
[www.scrapbuyerss.com/Lead-Scrap-Buyer.html]
[www.scrapbuyerss.com/CPVC-Pipes-buyer.html]
[www.scrapbuyerss.com/Motor-Parts-Scrap-Buyer.html]
[www.scrapbuyerss.com/Nickel-Scrap-Buyer.html]
[www.scrapbuyerss.com/Office-Furnitures-Buyer.html]
[www.scrapbuyerss.com/Old-Air-Condition-Buyer.html]
[www.scrapbuyerss.com/Old-Machinery-Buyer.html]
[www.scrapbuyerss.com/Old-Vehicles-Buyer.html]
[www.scrapbuyerss.com/Pet-Bottle-Buyer.html]
[www.scrapbuyerss.com/Pvc-Scrap-Buyer.html]
[www.scrapbuyerss.com/Plastic-Scrap-Buyer.html]
[www.scrapbuyerss.com/PVB-Rubber-Buyer.html]
[www.scrapbuyerss.com/Stainless-Steel-Buyer.html]
[www.scrapbuyerss.com/TMT-Steel-Scrap-Buyer.html]
[www.scrapbuyerss.com/Wooden-Scrap-Buyer.html]
[www.scrapbuyerss.com/Tower-Angel-Scrap-Buyer.html]
[www.scrapbuyerss.com/Old-Furniture-Buyer.html]
[www.scrapbuyerss.com/We-Sell.html]
[www.scrapbuyerss.com/Aluminium-Scrap-Seller.html]
[www.scrapbuyerss.com/Battery-Scrap-Seller.html]
[www.scrapbuyerss.com/Brass-Scrap-Seller.html]
[www.scrapbuyerss.com/Computer-Scrap-Seller.html]
[www.scrapbuyerss.com/Copper-Scrap-Seller.html]
[www.scrapbuyerss.com/Demolishing-Work-Seller.html]
[www.scrapbuyerss.com/DG-Set-Seller.html]
[www.scrapbuyerss.com/UPVC-Window-Scrap-Seller.html]
[www.scrapbuyerss.com/Electrical-Scrap-Seller.html]
[www.scrapbuyerss.com/Ferrous-And-Nonferrous-Seller.html]
[www.scrapbuyerss.com/GI-Scrap-Seller.html]
[www.scrapbuyerss.com/Iron-Pipes-Scrap-Seller.html]
[www.scrapbuyerss.com/Steel-Pipes-Scrap-Seller.html]
[www.scrapbuyerss.com/Iron-Scrap-Seller.html]
[www.scrapbuyerss.com/Lead-Scrap-Seller.html]
[www.scrapbuyerss.com/CPVC-Pipes-Scrap-Seller.html]
[www.scrapbuyerss.com/Motor-Parts-Scrap-Seller.html]
[www.scrapbuyerss.com/Nickel-Scrap-Seller.html]
[www.scrapbuyerss.com/Office-Furnitures-Seller.html]
[www.scrapbuyerss.com/Old-Air-Condition-Seller.html]
[www.scrapbuyerss.com/Old-Machinery-Seller.html]
[www.scrapbuyerss.com/Old-Vehicles-Seller.html]
[www.scrapbuyerss.com/Pet-Bottle-Seller.html]
[www.scrapbuyerss.com/Pvc-Scrap-Seller.html]
[www.scrapbuyerss.com/Plastic-Scrap-Seller.html]
[www.scrapbuyerss.com/PVB-Rubber-Seller.html]
[www.scrapbuyerss.com/Stainless-Steel-Seller.html]
[www.scrapbuyerss.com/TMT-Steel-Scrap-Seller.html]
[www.scrapbuyerss.com/Wooden-Scrap-Seller.html]
[www.scrapbuyerss.com/images/Angel-Tower-Scrap-Seller.jpg]
[www.scrapbuyerss.com/Tower-Angel-Scrap-Seller.html]
[www.scrapbuyerss.com/Old-Furniture-Seller.html]
[www.scrapbuyerss.com/How-It-Works.html]
[www.scrapbuyerss.com/apple-touch-180x180.png]
[www.scrapbuyerss.com/Send-Enquiry.html]
[www.scrapbuyerss.com/images/Catalogue-Scrap.jpg]
[www.scrapbuyerss.com/images/Catalogue01.jpg]
[www.scrapbuyerss.com/images/Catalogue02.jpg]
[www.scrapbuyerss.com/images/Catalogue03.jpg]
[www.scrapbuyerss.com/images/Catalogue04.jpg]
[www.scrapbuyerss.com/images/Catalogue05.jpg]
[www.scrapbuyerss.com/Catalogue.html]
[www.scrapbuyerss.com/images/Contact-us.jpg]
[www.scrapbuyerss.com/Contact-Us.html]
[www.scrapbuyerss.com/Centring-Span-Manufacturer.html]
[www.scrapbuyerss.com/Aluminium-Scrap.html]
[www.scrapbuyerss.com/Battery-Scrap.html]
[www.scrapbuyerss.com/Brass-Scrap.html]
[www.scrapbuyerss.com/Computer-Scrap.html]
[www.scrapbuyerss.com/Copper-Scrap.html]
[www.scrapbuyerss.com/Conveyor-Belt-Seller.html]
[www.scrapbuyerss.com/Eva-Rubber-Seller.html]
[www.scrapbuyerss.com/Glass-Scrap-Seller.html]
[www.scrapbuyerss.com/Solar-Scrap-Seller.html]
[www.scrapbuyerss.com/Conveyor-Belt-Buyer.html]
[www.scrapbuyerss.com/Eva-Rubber-Buyer.html]
[www.scrapbuyerss.com/Glass-Scrap-Buyer.html]
[www.scrapbuyerss.com/Solar-Scrap-Buyer.html]
[www.scrapbuyerss.com/Demolishing-Work.html]
[www.scrapbuyerss.com/DG-Set.html]
[www.scrapbuyerss.com/Electrical-Scrap.html]
[www.scrapbuyerss.com/Ferrous-And-Nonferrous.html]
[www.scrapbuyerss.com/GI-Scrap.html]
[www.scrapbuyerss.com/Iron-Pipes-Scrap.html]
[www.scrapbuyerss.com/Steel-Pipes-Scrap.html]
[www.scrapbuyerss.com/Iron-Scrap.html]
[www.scrapbuyerss.com/Lead-Scrap.html]
[www.scrapbuyerss.com/Motor-Parts-Scrap.html]
[www.scrapbuyerss.com/Nickel-Scrap.html]
[www.scrapbuyerss.com/Office-Furnitures.html]
[www.scrapbuyerss.com/Old-Air-Condition.html]
[www.scrapbuyerss.com/Old-Machinery.html]
[www.scrapbuyerss.com/Old-Vehicles.html]
[www.scrapbuyerss.com/Pet-Bottle.html]
[www.scrapbuyerss.com/Plastic-Scrap.html]
[www.scrapbuyerss.com/PVB-Rubber.html]
[www.scrapbuyerss.com/Solar-Scrap.html]
[www.scrapbuyerss.com/Stainless-Steel.html]
[www.scrapbuyerss.com/TMT-Steel-Scrap.html]
[www.scrapbuyerss.com/Wooden-Scrap.html]
[www.scrapbuyerss.com/Cartoon-Box-Scrap.html]
[www.scrapbuyerss.com/images/Angel-Tower-Scrap.jpg]
[www.scrapbuyerss.com/Tower-Angel-Scrap.html]
[www.scrapbuyerss.com/assets/plugins/revolutionslider/js/extensions/revolution.extension.actions.min.js]
[www.scrapbuyerss.com/assets/plugins/revolutionslider/js/extensions/revolution.extension.carousel.min.js]
[www.scrapbuyerss.com/assets/plugins/revolutionslider/js/extensions/revolution.extension.kenburn.min.js]
[www.scrapbuyerss.com/assets/plugins/revolutionslider/js/extensions/revolution.extension.layeranimation.min.js]
[www.scrapbuyerss.com/assets/plugins/revolutionslider/js/extensions/revolution.extension.migration.min.js]
[www.scrapbuyerss.com/assets/plugins/revolutionslider/js/extensions/revolution.extension.navigation.min.js]
[www.scrapbuyerss.com/assets/plugins/revolutionslider/js/extensions/revolution.extension.parallax.min.js]
[www.scrapbuyerss.com/assets/plugins/revolutionslider/js/extensions/revolution.extension.slideanims.min.js]
[www.scrapbuyerss.com/assets/plugins/revolutionslider/js/extensions/revolution.extension.video.min.js]
[www.scrapbuyerss.com/assets/plugins/owl-carousel/owl.carousel.min.js]
[www.scrapbuyerss.com/assets/plugins/parallax/jquery.stellar.min.js]
[www.scrapbuyerss.com/assets/plugins/isotope/imagesloaded.pkgd.min.js]
[www.scrapbuyerss.com/assets/plugins/isotope/isotope.pkgd.min.js]
[www.scrapbuyerss.com/assets/plugins/placeholders/jquery.placeholder.min.js]
[www.scrapbuyerss.com/assets/plugins/validate/jquery.validate.min.js]
[www.scrapbuyerss.com/assets/plugins/submit/jquery.form.min.js]
[www.scrapbuyerss.com/assets/plugins/googlemaps/gmap3.min.js]
[www.scrapbuyerss.com/assets/plugins/charts/jquery.easypiechart.min.js]
[www.scrapbuyerss.com/assets/plugins/counter/jquerysimplecounter.js]
[www.scrapbuyerss.com/assets/plugins/statistics/chart.min.js]
[www.scrapbuyerss.com/assets/plugins/ytplayer/jquery.mb.ytplayer.min.js]
[www.scrapbuyerss.com/assets/plugins/instafeed/instafeed.min.js]
[www.scrapbuyerss.com/assets/plugins/twitter/twitterfetcher.min.js]
[www.scrapbuyerss.com/assets/plugins/countdown/jquery.countdown.min.js]
[www.scrapbuyerss.com/assets/plugins/animations/wow.min.js]
[www.scrapbuyerss.com/assets/js/custom.js]
[www.scrapbuyerss.com/assets/bootstrap/fonts/glyphicons-halflings-regular.eot]
[www.scrapbuyerss.com/assets/bootstrap/fonts/glyphicons-halflings-regulard41d.eot]
[www.scrapbuyerss.com/assets/bootstrap/fonts/glyphicons-halflings-regular.woff2]
[www.scrapbuyerss.com/assets/bootstrap/fonts/glyphicons-halflings-regular.woff]
[www.scrapbuyerss.com/assets/bootstrap/fonts/glyphicons-halflings-regular.ttf]
[www.scrapbuyerss.com/assets/fonts/fontawesome/fonts/fontawesome-webfont914c.eot]
[www.scrapbuyerss.com/assets/fonts/fontawesome/fonts/fontawesome-webfontd41d.eot]
[www.scrapbuyerss.com/assets/fonts/fontawesome/fonts/fontawesome-webfont914c.woff2]
[www.scrapbuyerss.com/assets/fonts/fontawesome/fonts/fontawesome-webfont914c.woff]
[www.scrapbuyerss.com/assets/fonts/fontawesome/fonts/fontawesome-webfont914c.ttf]
[www.scrapbuyerss.com/assets/fonts/materia-icons/fonts/materia-icons542e.eot]
[www.scrapbuyerss.com/assets/fonts/materia-icons/fonts/materia-icons542e.ttf]
[www.scrapbuyerss.com/assets/fonts/materia-icons/fonts/materia-icons542e.woff]
[www.scrapbuyerss.com/assets/plugins/fancybox/fancybox_sprite.png]
[www.scrapbuyerss.com/assets/plugins/fancybox/fancybox_loading.gif]
[www.scrapbuyerss.com/assets/plugins/fancybox/blank.gif]
[www.scrapbuyerss.com/assets/plugins/fancybox/fancybox_overlay.png]
[www.scrapbuyerss.com/assets/plugins/fancybox/fancybox_sprite-2x.png]
[www.scrapbuyerss.com/assets/plugins/fancybox/fancybox_loading-2x.gif]
[www.scrapbuyerss.com/assets/plugins/revolutionslider/fonts/revicons/revicons90c6.eot]
[www.scrapbuyerss.com/assets/plugins/revolutionslider/fonts/revicons/revicons90c6.woff]
[www.scrapbuyerss.com/assets/plugins/revolutionslider/fonts/revicons/revicons90c6.ttf]
[www.scrapbuyerss.com/assets/plugins/revolutionslider/assets/gridtile.png]
[www.scrapbuyerss.com/assets/plugins/revolutionslider/assets/gridtile_white.png]
[www.scrapbuyerss.com/assets/plugins/revolutionslider/assets/loader.gif]
[www.scrapbuyerss.com/assets/plugins/revolutionslider/assets/gridtile_3x3.png]
[www.scrapbuyerss.com/assets/plugins/revolutionslider/assets/coloredbg.png]
[www.scrapbuyerss.com/assets/plugins/ytplayer/css/font/ytp-regular.woff]
[www.scrapbuyerss.com/assets/plugins/ytplayer/css/font/ytp-regular.eot]
[www.scrapbuyerss.com/assets/plugins/ytplayer/css/images/raster@2x.png]
[www.scrapbuyerss.com/assets/plugins/ytplayer/css/images/raster.png]
[www.scrapbuyerss.com/assets/plugins/revolutionslider/assets/gridtile_3x3_white.png]
[www.scrapbuyerss.com/assets/plugins/ytplayer/css/images/raster_dot.png]
[www.scrapbuyerss.com/assets/plugins/ytplayer/css/images/raster_dot@2x.png]
[www.scrapbuyerss.com/images/backgrounds/bg-1.jpg]
[www.scrapbuyerss.com/images/backgrounds/bg-2.jpg]
[www.scrapbuyerss.com/images/backgrounds/bg-3.jpg]
[www.scrapbuyerss.com/images/backgrounds/bg-4.jpg]
[www.scrapbuyerss.com/images/backgrounds/bg-5.jpg]
[www.scrapbuyerss.com/images/backgrounds/bg-6.jpg]
[www.scrapbuyerss.com/assets/images/search.png]
[www.scrapbuyerss.com/assets/images/cursor.png]
[www.scrapbuyerss.com/Old-Furniture-seller-2.html]
[www.scrapbuyerss.com/images/About-us.jpg]
[www.scrapbuyerss.com/images/Scaffolding-Manufacturer.jpg]
[www.scrapbuyerss.com/images/Centering-Plates.jpg]
[www.scrapbuyerss.com/images/Centering-Plates01.jpg]
[www.scrapbuyerss.com/images/Centering-Plates02.jpg]
[www.scrapbuyerss.com/images/Centering-Plates03.jpg]
[www.scrapbuyerss.com/images/Centering-Plates04.jpg]
[www.scrapbuyerss.com/images/Centering-Plates05.jpg]
[www.scrapbuyerss.com/images/Centering-Plates06.jpg]
[www.scrapbuyerss.com/images/Centering-Plates07.jpg]
[www.scrapbuyerss.com/images/Centering-Plates08.jpg]
[www.scrapbuyerss.com/images/Centering-Plates09.jpg]
[www.scrapbuyerss.com/images/Centering-Span.jpg]
[www.scrapbuyerss.com/images/Centering-Span01.jpg]
[www.scrapbuyerss.com/images/Centering-Span02.jpg]
[www.scrapbuyerss.com/images/Centering-Span03.jpg]
[www.scrapbuyerss.com/images/Centering-Span04.jpg]
[www.scrapbuyerss.com/images/Centering-Span05.jpg]
[www.scrapbuyerss.com/images/Centering-Span06.jpg]
[www.scrapbuyerss.com/images/Centering-Span07.jpg]
[www.scrapbuyerss.com/images/Centering-Span08.jpg]
[www.scrapbuyerss.com/images/Centering-Span09.jpg]
[www.scrapbuyerss.com/images/Centering-Jack-Pipe.jpg]
[www.scrapbuyerss.com/images/Centering-Jack-Pipe01.jpg]
[www.scrapbuyerss.com/images/Centering-Jack-Pipe02.jpg]
[www.scrapbuyerss.com/images/Centering-Jack-Pipe03.jpg]
[www.scrapbuyerss.com/images/Centering-Jack-Pipe04.jpg]
[www.scrapbuyerss.com/images/Centering-Jack-Pipe05.jpg]
[www.scrapbuyerss.com/images/Centering-Jack-Pipe06.jpg]
[www.scrapbuyerss.com/images/Centering-Jack-Pipe07.jpg]
[www.scrapbuyerss.com/images/Centering-Jack-Pipe08.jpg]
[www.scrapbuyerss.com/images/Centering-Jack-Pipe09.jpg]
[www.scrapbuyerss.com/images/Scaffolding.jpg]
[www.scrapbuyerss.com/images/Scaffolding01.jpg]
[www.scrapbuyerss.com/images/Scaffolding02.jpg]
[www.scrapbuyerss.com/images/Scaffolding03.jpg]
[www.scrapbuyerss.com/images/Scaffolding04.jpg]
[www.scrapbuyerss.com/images/Scaffolding05.jpg]
[www.scrapbuyerss.com/images/Scaffolding06.jpg]
[www.scrapbuyerss.com/images/Scaffolding07.jpg]
[www.scrapbuyerss.com/images/Scaffolding08.jpg]
[www.scrapbuyerss.com/images/Scaffolding09.jpg]
[www.scrapbuyerss.com/images/Aluminium-Scrap-Buyer.jpg]
[www.scrapbuyerss.com/images/Battery-Scrap-Buyer.jpg]
[www.scrapbuyerss.com/images/Brass-Scrap-Buyer.jpg]
[www.scrapbuyerss.com/images/Computer-Scrap-Buyer.jpg]
[www.scrapbuyerss.com/images/Copper-Scrap-Buyer.jpg]
[www.scrapbuyerss.com/images/Demolishing-Work-Buyer.jpg]
[www.scrapbuyerss.com/images/DG-Set-Buyer.jpg]
[www.scrapbuyerss.com/images/Electrical-Scrap-Buyer.jpg]
[www.scrapbuyerss.com/images/Ferrous-And-Nonferrous-Buyer.jpg]
[www.scrapbuyerss.com/images/GI-Scrap-Buyer.jpg]
[www.scrapbuyerss.com/images/Iron-Pipes-Scrap-Buyer.jpg]
[www.scrapbuyerss.com/images/Steel-Pipes-Scrap-Buyer.jpg]
[www.scrapbuyerss.com/images/Iron-Scrap-Buyer.jpg]
[www.scrapbuyerss.com/images/Lead-Scrap-Buyer.jpg]
[www.scrapbuyerss.com/images/Motor-Parts-Scrap-Buyer.jpg]
[www.scrapbuyerss.com/images/Nickel-Scrap-Buyer.jpg]
[www.scrapbuyerss.com/images/Office-Furnitures-Buyer.jpg]
[www.scrapbuyerss.com/images/Old-Air-Condition-Buyer.jpg]
[www.scrapbuyerss.com/images/Old-Machinery-Buyer.jpg]
[www.scrapbuyerss.com/images/Old-Vehicles-Buyer.jpg]
[www.scrapbuyerss.com/images/Pet-Bottle-Buyer.jpg]
[www.scrapbuyerss.com/images/Plastic-Scrap-Buyer.jpg]
[www.scrapbuyerss.com/images/PVB-Rubber-Buyer.jpg]
[www.scrapbuyerss.com/images/Stainless-Steel-Buyer.jpg]
[www.scrapbuyerss.com/images/TMT-Steel-Scrap-Buyer.jpg]
[www.scrapbuyerss.com/images/Wooden-Scrap-Buyer.jpg]
[www.scrapbuyerss.com/images/Cartoon-Box-Scrap-Buyer.jpg]
[www.scrapbuyerss.com/images/Tower-Angel-Scrap-Buyer.jpg]
[www.scrapbuyerss.com/images/Old-Furniture-Buyer.jpg]
[www.scrapbuyerss.com/images/Angel-Tower-Scrap-Buyer.jpg]
[www.scrapbuyerss.com/images/Old-Furnitures.jpg]
[www.scrapbuyerss.com/Old-Furnitures-Buyer.html]
[www.scrapbuyerss.com/Old-Furnitures-Seller.html]
[www.scrapbuyerss.com/images/Aluminium-Scrap-Seller.jpg]
[www.scrapbuyerss.com/images/Battery-Scrap-Seller.jpg]
[www.scrapbuyerss.com/images/Brass-Scrap-Seller.jpg]
[www.scrapbuyerss.com/images/Computer-Scrap-Seller.jpg]
[www.scrapbuyerss.com/images/Copper-Scrap-Seller.jpg]
[www.scrapbuyerss.com/images/Demolishing-Work-Seller.jpg]
[www.scrapbuyerss.com/images/DG-Set-Seller.jpg]
[www.scrapbuyerss.com/images/Electrical-Scrap-Seller.jpg]
[www.scrapbuyerss.com/images/Ferrous-And-Nonferrous-Seller.jpg]
[www.scrapbuyerss.com/images/GI-Scrap-Seller.jpg]
[www.scrapbuyerss.com/images/Iron-Pipes-Scrap-Seller.jpg]
[www.scrapbuyerss.com/images/Steel-Pipes-Scrap-Seller.jpg]
[www.scrapbuyerss.com/images/Iron-Scrap-Seller.jpg]
[www.scrapbuyerss.com/images/Lead-Scrap-Seller.jpg]
[www.scrapbuyerss.com/images/Motor-Parts-Scrap-Seller.jpg]
[www.scrapbuyerss.com/images/Nickel-Scrap-Seller.jpg]
[www.scrapbuyerss.com/images/Office-Furnitures-Seller.jpg]
[www.scrapbuyerss.com/images/Old-Air-Condition-Seller.jpg]
[www.scrapbuyerss.com/images/Old-Machinery-Seller.jpg]
[www.scrapbuyerss.com/images/Old-Vehicles-Seller.jpg]
[www.scrapbuyerss.com/images/Pet-Bottle-Seller.jpg]
[www.scrapbuyerss.com/images/Plastic-Scrap-Seller.jpg]
[www.scrapbuyerss.com/images/PVB-Rubber-Seller.jpg]
[www.scrapbuyerss.com/images/Stainless-Steel-Seller.jpg]
[www.scrapbuyerss.com/images/TMT-Steel-Scrap-Seller.jpg]
[www.scrapbuyerss.com/images/Wooden-Scrap-Seller.jpg]
[www.scrapbuyerss.com/images/Cartoon-Box-Scrap-Seller.jpg]
[www.scrapbuyerss.com/images/Tower-Angel-Scrap-Seller.jpg]
[www.scrapbuyerss.com/images/CPVC-Pipes-Seller.jpg]
[www.scrapbuyerss.com/images/UPVC-Window-seller.jpg]
[www.scrapbuyerss.com/images/New-PVC-Pipes.jpg]
[www.scrapbuyerss.com/images/Old-Furniture-Seller.jpg]
[www.scrapbuyerss.com/images/Conveyor-Belt-Seller.jpg]
[www.scrapbuyerss.com/Conveyor-Belt-Seller.html]
[www.scrapbuyerss.com/images/Eva-Rubber-Seller.jpg]
[www.scrapbuyerss.com/Eva-Rubber-Seller.html]
[www.scrapbuyerss.com/images/Glass-Scrap-Seller.jpg]
[www.scrapbuyerss.com/Glass-Scrap-Seller.html]
[www.scrapbuyerss.com/images/Solar-Scrap-Seller.jpg]
[www.scrapbuyerss.com/Solar-Scrap-Seller.html]
[www.scrapbuyerss.com/images/Conveyor-Belt-Buyer.jpg]
[www.scrapbuyerss.com/Conveyor-Belt-Buyer.html]
[www.scrapbuyerss.com/images/Eva-Rubber-Buyer.jpg]
[www.scrapbuyerss.com/Eva-Rubber-Buyer.html]
[www.scrapbuyerss.com/images/Glass-Scrap-Buyer.jpg]
[www.scrapbuyerss.com/Glass-Scrap-Buyer.html]
[www.scrapbuyerss.com/images/Solar-Scrap-Buyer.jpg]
[www.scrapbuyerss.com/Solar-Scrap-Buyer.html]
[www.scrapbuyerss.com/assets/bootstrap/fonts/glyphicons-halflings-regular.svg]
[www.scrapbuyerss.com/assets/fonts/fontawesome/fonts/fontawesome-webfont914c.svg]
[www.scrapbuyerss.com/assets/fonts/materia-icons/fonts/materia-icons542e.svg]
[www.scrapbuyerss.com/assets/plugins/revolutionslider/fonts/revicons/revicons90c6.svg]
[www.scrapbuyerss.com/assets/plugins/revolutionslider/css/openhand.cur]
[www.scrapbuyerss.com/assets/plugins/revolutionslider/css/closedhand.cur]
[www.scrapbuyerss.com/assets/plugins/ytplayer/css/images/raster@2x.png]
[www.scrapbuyerss.com/assets/plugins/ytplayer/css/images/raster_dot@2x.png]
[www.scrapbuyerss.com/images/backgrounds/bg-1.jpg]
[www.scrapbuyerss.com/images/backgrounds/bg-2.jpg]
[www.scrapbuyerss.com/images/backgrounds/bg-3.jpg]
[www.scrapbuyerss.com/images/backgrounds/bg-5.jpg]
[www.scrapbuyerss.com/images/backgrounds/bg-6.jpg]
[www.scrapbuyerss.com/Old-Furniture-seller-2.html]
[www.scrapbuyerss.com/Old-Furnitures-Buyer.html]
[www.scrapbuyerss.com/Old-Furnitures-Seller.html]
[www.google-analytics.com/analytics.js]
